// Jest Snapshot v1, https://goo.gl/fbAQLP

exports[`typescript - negative scenarios - configPaths flow should fail compiling test/it/code-samples/negative/backend-$w-module folder 1`] = `"$w-module.js (1,1): Cannot use namespace '$w' as a value."`;

exports[`typescript - negative scenarios - configPaths flow should fail compiling test/it/code-samples/negative/backend-unknown-module folder 1`] = `"unknown.js (1,11): Cannot find name 'wixUnknownModule'."`;

exports[`typescript - negative scenarios - configPaths flow should fail compiling test/it/code-samples/negative/pages-node-module folder 1`] = `"node.js (1,20): Cannot find module 'fs'.,node.js (2,22): Cannot find module 'path'."`;

exports[`typescript - negative scenarios - configPaths flow should fail compiling test/it/code-samples/negative/pages-unknown-module folder 1`] = `"unknown.js (1,11): Cannot find name 'wixUnknownModule'."`;

exports[`typescript - negative scenarios - configPaths flow should fail compiling test/it/code-samples/negative/public-$w folder 1`] = `"index.js (1,1): Cannot use namespace '$w' as a value."`;

exports[`typescript - negative scenarios - configPaths flow should fail compiling test/it/code-samples/negative/public-node-module folder 1`] = `"node.js (1,20): Cannot find module 'fs'.,node.js (2,22): Cannot find module 'path'."`;

exports[`typescript - negative scenarios - configPaths flow should fail compiling test/it/code-samples/negative/public-unknown-module folder 1`] = `"unknown.js (1,11): Cannot find name 'wixUnknownModule'."`;

exports[`typescript - negative scenarios - declarations flow should fail compiling test/it/code-samples/negative/backend-$w-module folder 1`] = `"$w-module.js (1,1): Cannot use namespace '$w' as a value."`;

exports[`typescript - negative scenarios - declarations flow should fail compiling test/it/code-samples/negative/backend-unknown-module folder 1`] = `"unknown.js (1,11): Cannot find name 'wixUnknownModule'."`;

exports[`typescript - negative scenarios - declarations flow should fail compiling test/it/code-samples/negative/pages-node-module folder 1`] = `"node.js (1,20): Cannot find module 'fs'.,node.js (2,22): Cannot find module 'path'."`;

exports[`typescript - negative scenarios - declarations flow should fail compiling test/it/code-samples/negative/pages-unknown-module folder 1`] = `"unknown.js (1,11): Cannot find name 'wixUnknownModule'."`;

exports[`typescript - negative scenarios - declarations flow should fail compiling test/it/code-samples/negative/public-$w folder 1`] = `"index.js (1,1): Cannot use namespace '$w' as a value."`;

exports[`typescript - negative scenarios - declarations flow should fail compiling test/it/code-samples/negative/public-node-module folder 1`] = `"node.js (1,20): Cannot find module 'fs'.,node.js (2,22): Cannot find module 'path'."`;

exports[`typescript - negative scenarios - declarations flow should fail compiling test/it/code-samples/negative/public-unknown-module folder 1`] = `"unknown.js (1,11): Cannot find name 'wixUnknownModule'."`;
